[INFO] Scanning for projects...
[INFO] 
[INFO] ------------------------< com.marketim:backend >------------------------
[INFO] Building marketim-backend 0.0.1-SNAPSHOT
[INFO]   from pom.xml
[INFO] --------------------------------[ jar ]---------------------------------
[INFO] 
[INFO] --- clean:3.4.1:clean (default-clean) @ backend ---
[INFO] Deleting C:\Users\MONSTER\Desktop\marketim\backend\target
[INFO] 
[INFO] --- resources:3.3.1:resources (default-resources) @ backend ---
[INFO] Copying 2 resources from src\main\resources to target\classes
[INFO] Copying 1 resource from src\main\resources to target\classes
[INFO] 
[INFO] --- compiler:3.14.1:compile (default-compile) @ backend ---
[INFO] Recompiling the module because of changed source code.
[INFO] Compiling 99 source files with javac [debug parameters release 21] to target\classes
[INFO] /C:/Users/MONSTER/Desktop/marketim/backend/src/main/java/com/marketim/backend/category/CategoryService.java: Some input files use or override a deprecated API.
[INFO] /C:/Users/MONSTER/Desktop/marketim/backend/src/main/java/com/marketim/backend/category/CategoryService.java: Recompile with -Xlint:deprecation for details.
[INFO] 
[INFO] --- resources:3.3.1:testResources (default-testResources) @ backend ---
[INFO] skip non existing resourceDirectory C:\Users\MONSTER\Desktop\marketim\backend\src\test\resources
[INFO] 
[INFO] --- compiler:3.14.1:testCompile (default-testCompile) @ backend ---
[INFO] Recompiling the module because of changed dependency.
[INFO] Compiling 4 source files with javac [debug parameters release 21] to target\test-classes
[INFO] -------------------------------------------------------------
[WARNING] COMPILATION WARNING : 
[INFO] -------------------------------------------------------------
[WARNING] /C:/Users/MONSTER/Desktop/marketim/backend/src/test/java/com/marketim/backend/product/AdminProductControllerIT.java:[26,6] org.springframework.boot.test.mock.mockito.MockBean in org.springframework.boot.test.mock.mockito has been deprecated and marked for removal
[WARNING] /C:/Users/MONSTER/Desktop/marketim/backend/src/test/java/com/marketim/backend/product/AdminProductControllerIT.java:[26,6] org.springframework.boot.test.mock.mockito.MockBean in org.springframework.boot.test.mock.mockito has been deprecated and marked for removal
[WARNING] /C:/Users/MONSTER/Desktop/marketim/backend/src/test/java/com/marketim/backend/product/AdminProductControllerIT.java:[26,6] org.springframework.boot.test.mock.mockito.MockBean in org.springframework.boot.test.mock.mockito has been deprecated and marked for removal
[WARNING] /C:/Users/MONSTER/Desktop/marketim/backend/src/test/java/com/marketim/backend/product/AdminProductControllerIT.java:[26,6] org.springframework.boot.test.mock.mockito.MockBean in org.springframework.boot.test.mock.mockito has been deprecated and marked for removal
[WARNING] /C:/Users/MONSTER/Desktop/marketim/backend/src/test/java/com/marketim/backend/product/AdminProductControllerIT.java:[26,6] org.springframework.boot.test.mock.mockito.MockBean in org.springframework.boot.test.mock.mockito has been deprecated and marked for removal
[INFO] 5 warnings 
[INFO] -------------------------------------------------------------
[INFO] -------------------------------------------------------------
[ERROR] COMPILATION ERROR : 
[INFO] -------------------------------------------------------------
[ERROR] /C:/Users/MONSTER/Desktop/marketim/backend/src/test/java/com/marketim/backend/order/OrderServiceTest.java:[43,24] constructor OrderService in class com.marketim.backend.order.OrderService cannot be applied to given types;
  required: com.marketim.backend.order.OrderRepository,com.marketim.backend.product.ProductRepository,com.marketim.backend.user.UserRepository,com.marketim.backend.stock.StockMovementService,com.marketim.backend.settings.SettingService,com.marketim.backend.order.OrderItemRepository
  found:    com.marketim.backend.order.OrderRepository,com.marketim.backend.product.ProductRepository,com.marketim.backend.user.UserRepository,com.marketim.backend.stock.StockMovementService,com.marketim.backend.settings.SettingService
  reason: actual and formal argument lists differ in length
[INFO] 1 error
[INFO] -------------------------------------------------------------
[INFO] ------------------------------------------------------------------------
[INFO] BUILD FAILURE
[INFO] ------------------------------------------------------------------------
[INFO] Total time:  8.157 s
[INFO] Finished at: 2026-01-18T14:10:41+03:00
[INFO] ------------------------------------------------------------------------
[ERROR] Failed to execute goal org.apache.maven.plugins:maven-compiler-plugin:3.14.1:testCompile (default-testCompile) on project backend: Compilation failure
[ERROR] /C:/Users/MONSTER/Desktop/marketim/backend/src/test/java/com/marketim/backend/order/OrderServiceTest.java:[43,24] constructor OrderService in class com.marketim.backend.order.OrderService cannot be applied to given types;
[ERROR]   required: com.marketim.backend.order.OrderRepository,com.marketim.backend.product.ProductRepository,com.marketim.backend.user.UserRepository,com.marketim.backend.stock.StockMovementService,com.marketim.backend.settings.SettingService,com.marketim.backend.order.OrderItemRepository
[ERROR]   found:    com.marketim.backend.order.OrderRepository,com.marketim.backend.product.ProductRepository,com.marketim.backend.user.UserRepository,com.marketim.backend.stock.StockMovementService,com.marketim.backend.settings.SettingService
[ERROR]   reason: actual and formal argument lists differ in length
[ERROR] 
[ERROR] -> [Help 1]
[ERROR] 
[ERROR] To see the full stack trace of the errors, re-run Maven with the -e switch.
[ERROR] Re-run Maven using the -X switch to enable full debug logging.
[ERROR] 
[ERROR] For more information about the errors and possible solutions, please read the following articles:
[ERROR] [Help 1] http://cwiki.apache.org/confluence/display/MAVEN/MojoFailureException
